Zum bürgerlichen Recht gehören alle Gesetze, die die privaten Rechte und Pflichten von Menschen und von juristischen Personen (§ 26) untereinander regeln.
Dem Irrenden steht das Recht zur Anpassung des Vertrages zu, wenn ein Irrtum im Sinne des § 871 Abs. 1 vorliegt, der Vertrag ohne den Irrtum jedoch mit einem anderen Inhalt zustande gekommen wäre. Macht der Irrende von seinem Anpassungsrecht Gebrauch, gilt der Vertrag mit jenem Inhalt, der ohne Irrtum vereinbart worden wäre.
Die §§ 870 bis 872 sind auch auf den Irrtum über die Person des Vertragspartners (Personenirrtum) anzuwenden.
Die §§ 869 bis 875 sind nicht nur auf Vertragserklärungen anzuwenden, sondern auch auf sonstige empfangsbedürftige Willenserklärungen.
Nach erfolgreicher Anfechtung haben die Parteien alles aus dem Vertrag Erlangte Zug um Zug zurückzugeben.
Die Vereinbarung einer Leistung ist unwirksam, wenn sie aus rechtlichen Gründen nicht erbracht werden kann oder wenn sich die tatsächliche Unmöglichkeit der Erfüllung bereits dem Vertrag entnehmen lässt.
Veröffentlichte Gesetze gelten für jedermann ohne Rücksicht auf seine Kenntnis.
Wird der Vertrags-gegenstand zwischen Vertragsschluss und Übergabe dem Rechtsverkehr durch einen staatlichen Akt entzogen, gilt der Vertrag als nicht geschlossen .
Verspricht jemand seinem Vertragspartner die Leistung eines Dritten, verpflichtet er sich im Zweifel bloß dazu, sich beim Dritten um die Leistungserbringung zu bemühen. Übernimmt er jedoch die Haftung für den Erfolg und bleibt die Leistung des Dritten aus, muss er seinem Vertragspartner den gesamten Schaden ersetzen, den dieser durch die Nichtleistung erlitten hat.
Wird eine unteilbare Leistung mehreren Gläubigern geschuldet, so kann ein Mitgläubiger Leistung an sich selbst nur mit Zustimmung der übrigen Gläubiger verlangen. Ansonsten wird der Schuldner nur durch Leistung an alle Gläubiger gemeinsam oder durch gerichtliche Hinterlegung (§ 1425) von seiner Verpflichtung befreit.
Der Verwahrer ist bloßer Inhaber (§ 309) der von ihm in Obhut genommenen Sache. Er muss sie vor Schäden bewahren, darf sie aber nicht gebrauchen.
Besteht zwischen den Solidarschuldnern kein anderes Verhältnis, so ist die Schuld von jedem zu gleichen Teilen zu tragen.
Jener Schuldner, der von der Schuld mehr beglichen hat, als seinem internen Anteil entspricht, kann von den übrigen Ausgleich fordern.
Hat eine Partei den Beweggrund ihrer Einwilligung zur Bedingung gemacht, so wird er wie jede andere Bedingung behandelt.
Ansonsten hat sogar ein der anderen Partei mitgeteilter Beweggrund keinen Einfluss auf die Gültigkeit entgeltlicher Verträge.
Kann der Erfüllungsort aus dem Vertrag auch unter Beachtung seiner Natur und seines Zwecks nicht bestimmt werden, so liegt er für nicht in Geld bestehende Leistungen an jenem Ort, an dem der Schuldner zur Zeit des Vertragsabschlusses seinen Wohnsitz hatte. Wurde die Verpflichtung von einem Unternehmer übernommen, kommt es auf den Ort seiner Niederlassung an.
Für das Maß und das Gewicht des Geschuldeten ist der Erfüllungsort maßgeblich.
Der Irrtum über einen Umstand, über den der andere Vertragsteil trotz entsprechender gesetzlicher Pflichten nicht aufgeklärt hat, gilt immer als Irrtum über den Vertragsinhalt und nicht bloß als Irrtum über den Beweggrund oder Endzweck (Motivirrtum, § 901).
Hat sich ein Vertragsteil über den Inhalt seiner Erklärung (Erklärungsirrtum) oder über Umstände, die Inhalt des Vertrages sind (Geschäftsirrtum), geirrt und wäre der Vertrag ohne den Irrtum nicht geschlossen worden , steht dem Irrenden ein Anfechtungsrecht zu, wenn der Irrtum 1. vom anderen Vertragsteil veranlasst wurde oder 2. diesem aus den Umständen offenbar auffallen musste oder 3. diesem gegenüber rechtzeitig aufgeklärt wurde.
Ein Verzicht auf die Anfechtung wegen List oder Drohung im Voraus ist unwirksam.
Ein Vertrag kommt nicht zustande, wenn die Erklärung eines Beteiligten a) unverständlich oder b) nicht hinreichend bestimmt oder bestimmbar ist. Gleiches gilt, wenn die abgegebenen Erklärungen nicht miteinander übereinstimmen.
Jeder Eigentümer ist aber verpflichtet, auf der [aus Sicht des Eintretenden] rechten Seite seines Hauptzuganges für die dauerhafte Abschließung seines Grundstücks zum Nachbargrundstück hin zu sorgen, sofern das im Interesse des Nachbarn nötig ist.
Bis zur Erbringung der gesamten Leistung oder der Bewirkung des Erfolges kann die Auslobung widerrufen werden 1. in derselben Form, in der sie bekannt gemacht wurde, 2. in einer gleich wirksamen Form oder 3. durch besondere Mitteilung an bestimmte Personen .
Wer einem anderen vorbehaltlos erklärt, ihm ein Recht einräumen oder von ihm ein Recht erwerben zu wollen, macht ein Angebot. Nimmt der andere dieses Angebot an, so kommt ein Vertrag zustande; lehnt es der andere ab, erlischt es.
{blank}
Das einem Abwesenden gemachte Angebot kann bis zu dem Zeitpunkt angenommen werden, bis zu dem der Anbieter mit dem Eintreffen der Antwort rechnen durfte. Dabei sind zu berücksichtigen: 1. die für die gewählte Übermittlungsart übliche Frist zum Einlangen des Angebots, 2. eine angemessene Überlegungsfrist für die Annahme sowie 3. die für die Übermittlung der Annahmeerklärung übliche Frist.
Das Behalten, Verwenden oder Verbrauchen einer Sache, die dem Empfänger ohne seine Veranlassung übersandt wurde, gilt für sich allein nicht als Annahme eines Angebots.
Geschäftsfähigkeit ist die Fähigkeit, durch eigenes Handeln Rechtsgeschäfte abzuschließen , die Rechte und Pflichten enthalten können .
Sie setzt regelmäßig voraus, dass die Person entscheidungsfähig ist (§ 24 Abs. 2 ). Im Anwendungsbereich des § 170 Abs. 2 und des § 171 wird Entscheidungsfähigkeit vermutet; im Bereich des § 170 Abs 3 ist sie für Personen unter sieben Jahren nicht nötig .
Jede Person kann Rechts-geschäfte abschließen, die sie ausschließlich begünstigen.
Haben nicht geschäftsfähige Volljährige für das betreffende Rechtsgeschäft einen vertretungsbefugten Vorsorgebevollmächtigten oder Erwachsenenvertreter.
Ist ihr rechtsgeschäftliches Handeln mit Genehmigung des Vertreters und soweit nötig auch des Gerichts wirksam.
Das rechtsgeschäftliche Handeln von Minderjährigen unter sieben Jahren ist zur Gänze unwirksam, sofern nicht die Voraussetzungen des Abs. 2 oder des § 170 Abs. 3 erfüllt sind.
Bei anderen Minderjährigen ist das rechtsgeschäftliche Handeln mit Genehmigung ihres Vertreters, gegebenenfalls auch des zweiten Elternteils und des Gerichts (§ 167 Abs. 2 und 3), wirksam.
Solange die in den Abs. 3 und 5 vorgesehenen Genehmigungen nicht verweigert wurden, ist der andere Vertragsteil an seine Erklärung gebunden. Er kann dem Vertreter für die Erteilung der Genehmigung aber eine angemessene Frist setzen.
Für den Vertragsschluss mit juristischen Personen des öffentlichen Rechts sind die dort geregelten Gültigkeitserfordernisse zu beachten.
Die Einwilligung in einen Vertrag muss a) frei [von Willensmängeln], b) ernstlich, c) bestimmt und d) verständlich sein.
Erfolgt die Versendung des Leistungsgegenstandes an einen anderen Ort als den Erfüllungsort mit Willen des Gläubigers, so trifft diesen ab der Übergabe (§ 429) die Gefahr zufälliger Beschädigung.
Wird die geschuldete Sache nur durch Gattungsmerkmale umschrieben, so ist sie in durchschnittlicher Qualität zu leisten.
Zunächst kann der Übernehmer nur die Verbesserung oder den Austausch der Sache verlangen. Dabei hat er die Wahl, sofern nicht die Verbesserung oder der Austausch unmöglich ist oder einer der beiden Behelfe für den Übergeber, verglichen mit der anderen Abhilfe, mit einem unverhältnismäßig hohen Aufwand verbunden wäre.
Die Verbesserung oder der Austausch hat in angemessener Frist und mit möglichst geringen Unannehmlichkeiten für den Übernehmer zu erfolgen; bei der Fristbemessung sind die Art der Sache und der mit ihr verfolgte Zweck zu berücksichtigen.
Während eines Rechtsstreites über die Aufhebung des Vertrages wegen eines Tiermangels hat das Gericht auf Antrag einer Partei durch einstweilige Verfügung den gerichtlichen Verkauf des Tieres und die gerichtliche Hinterlegung des Erlöses anzuordnen, sobald keine Untersuchung des Tieres mehr erforderlich ist.
Im Schenkungsvertrag verpflichtet sich eine Partei, der anderen eine bestimmte Sache unentgeltlich zu überlassen.
Wer den [unentgeltlichen] Verzicht auf ein tatsächlich bestehendes, ein zweifelhaftes oder ein bloß erhofftes Recht erklärt, macht bloß ein Schenkungsangebot.
Das Motiv für eine unentgeltliche Vermögenszuwendung ist für die Einordnung als Schenkung ohne Bedeutung.
Wurde von vornherein vereinbart, dass für eine Vermögenszuwendung eine Gegenleistung erbracht werden muss, so liegt keine Schenkung, sondern ein entgeltliches Geschäft vor.
Ein Schenkungsvertrag mit wirklicher Übergabe des Geschenks bedarf keiner besonderen Form.
Ohne wirkliche Übergabe ist der Schenkungsvertrag nur dann wirksam, wenn er in Form eines Notariatsaktes errichtet wurde (§ 1 Abs. 1 lit. d Notariatsaktsgesetz).
Jede Person kann ihr gesamtes Vermögen verschenken.
Zukünftiges Vermögen kann nur bis zur Hälfte verschenkt werden. Eine Vereinbarung, die darüber hinausgeht, ist insoweit unwirksam.
Schenkungsverträge können vom Schenker, vorbehaltlich der nachfolgenden Bestimmungen, nicht widerrufen werden.
Zur Deckung seines notwendigen Unterhalts kann der Schenker vom Beschenkten jährlich die gesetzlichen Zinsen des Wertes der noch vorhandenen Sache fordern.
Unterhaltsansprüche können durch Schenkungen des Verpflichteten nicht vermindert werden.
Vermindert sich die Unterhaltspflicht des Schenkers durch eine Schenkung oder sind die Unterhaltsansprüche bei ihm nicht mehr in voller Höhe einbringlich , kann der Unterhaltsberechtigte vom Beschenkten jenen Teil fordern, der ihm infolge der Schenkung entgangen ist.
Wird vereinbart, dass eine fremde bewegliche oder unbewegliche [körperliche] Sache unentgeltlich oder gegen Entgelt in Obhut zu nehmen ist, liegt ein Verwahrungsvertrag vor.
Der Übernehmer hat das Recht zur Preisminderung oder, sofern es sich nicht um einen bloß geringfügigen Mangel handelt, wahlweise das Recht zur Auflösung des Vertrages.
Wird ein Vertrag mit Vorbehalt der Wahl geschlossen und ist diese durch zufälligen Untergang einer oder mehrerer zur Wahl gestellten Leistungen (Wahlstücke) nicht mehr möglich, so steht dem zur Wahl Berechtigten ein Rücktrittsrecht zu .
Schulden und Rückstände, die der Sache anhaften, hat mangels anderer Vereinbarung der Übergeber zu tilgen.
Trifft den Schuldner der Wahlstücke am Untergang ein Verschulden, muss er dem wahlberechtigten Gläubiger überdies jenen Schaden ersetzen, den dieser durch die Vereitelung der Wahl erlitten hat.
Bei der Auslegung eines Vertrages ist nicht allein sein Wortlaut entscheidend. Vielmehr ist überdies die Absicht der Parteien zu beachten und der Vertrag so zu verstehen, wie es der Übung des redlichen Verkehrs entspricht.
Bei verbleibenden Zweifeln trifft den Schuldner eines unentgeltlichen Vertrages von mehreren Auslegungsmöglichkeiten bloß die geringste Verpflichtung. Bei einem entgeltlichen Vertrag wird eine undeutliche Erklärung zum Nachteil dessen verstanden, von dem sie stammt.
Eine Erklärung ist unwirksam, wenn ihr Inhalt vom Erklärenden nicht gewollt ist und der Empfänger dies weiß.
Soll mit ihrer Hilfe ein anderes Geschäft verborgen werden, so sind dessen Gültigkeit und Inhalt gesondert zu beurteilen.
Einem Dritten, der im Vertrauen auf die Erklärung Rechte erworben hat, kann ihre Unwirksamkeit nicht entgegengehalten werden.
Ein entgeltlicher Vertrag liegt dann vor, wenn beide Vertragsteile Verpflichtungen übernehmen.
Dasselbe gilt, wenn sich aus der Natur des Geschäftes oder aus dem dem Schuldner bekannten Zweck der Leistung ergibt, dass die verspätete Leistung für den Gläubiger ohne Interesse ist.
Bei Verspätung mit einer Teilleistung fällt der Vertrag in solchen Fällen nur hinsichtlich der noch ausstehenden Leistungen weg, wenn die erbrachte Teilleistung für den Gläubiger von Interesse ist.
Wird die Erfüllung durch Verschulden des Schuldners unmöglich, so kann der Gläubiger entweder Schadenersatz wegen Nichterfüllung fordern oder vom Vertrag zurücktreten.
Die Sache entspricht insbesondere dann nicht dem Vertrag, wenn a) ihr eigens vereinbarte Eigenschaften fehlen, b) sie ungewöhnliche nachteilige Eigenschaften oder Lasten aufweist, c) sie nicht dem Übergeber gehört, d) sie nicht zu dem vom Übergeber zugesagten Gebrauch geeignet ist oder e) sie trotz gegenteiliger Zusicherung die üblichen nachteiligen Eigenschaften aufweist.
Dass mangelhaft geleistet wurde, wird bis zum Beweis des Gegenteils vermutet, wenn sich eine Eigenschaft, die bei Übergabe als vertragswidrig anzusehen wäre, innerhalb von sechs Monaten nach der Übergabe zeigt.
Die Vermutung greift jedoch dann nicht ein, wenn sie mit der Art der Sache oder der betreffenden Eigenschaft sowie der bis zu ihrem Auftreten verstrichenen Zeit unvereinbar ist.
Ob zu vermuten ist, dass ein Tier schon bei der Übergabe mangelhaft war, ergibt sich aus den Fristen, die für bestimmte Tiere und Mängel, vor allem Krankheiten, in der Verordnung BGBl 1972/472 geregelt sind.
Soweit nachteilige Eigenschaften einer Sache für den Übernehmer vor Vertragsschluss augenfällig oder auf der Sache haftende Lasten wie etwa eine Dienstbarkeit aus den öffentlichen Büchern ersichtlich sind (§ 443), liegt kein Mangel vor. Anderes gilt nur bei arglistigem Verschweigen des Fehlers oder einer ausdrücklichen Zusage des Übergebers, dass die Sache von allen Fehlern und Lasten frei ist.
Nicht erlaubt sind Maßnahmen, die das Bauwerk gefährden oder die Gebrauchsrechte des anderen Miteigentümers beeinträchtigen.
Jeder Miteigentümer darf die gemeinschaftliche Mauer oder vergleichbare Grenzeinrichtung auf seiner Seite bis zur Hälfte in der Dicke benützen und verändern .
Erdfurchen, Zäune, Hecken, Planken, Mauern, Privatbäche, Kanäle, Plätze und andere Grenzeinrichtungen, die sich im unmittelbaren Grenzbereich befinden, werden als Miteigentum betrachtet, wenn der Beweis anderer Eigentumsverhältnisse nicht gelingt.
Soweit möglich, hat der Pfandgläubiger dem Pfandbesteller die Gelegenheit zur Leistung einer anderen gleichwertigen Sicherheit Zug um Zug gegen Rückgabe der bisherigen zu geben.
Auf Verlangen des Pfandbestellers ist der Erlös gerichtlich zu hinterlegen.
Wird der Pfandgläubiger nach Fälligkeit der gesicherten Forderung nicht befriedigt, so kann er ein Gerichtsverfahren einleiten, um die Verwertung des Pfandes zu erreichen.
Der Eigentümer einer Pfandsache, die für eine fremde Schuld haftet, hat das Recht, die gesicherte Forderung zu bezahlen (§ 1358), wodurch das Pfandrecht erlischt. Auch hat jeder sonstige Pfandgläubiger das Recht, jene Forderung einzulösen (§ 1422), zu deren Hereinbringung die Verwertung der Pfandsache droht.
Der Schuldner der gesicherten Forderung darf bei der Versteigerung der Pfandsache nicht mitbieten.
Der Pfandgläubiger kann frei wählen, ob er Befriedigung aus der Pfandsache oder aus anderen Vermögenswerten seines Schuldners sucht. Eine Ausnahme davon regelt § 263 Exekutionsordnung.
Die Pfandsache darf vom Pfandgläubiger nur Zug um Zug gegen Entrichtung des Kaufpreises übergeben werden.
Wird die Sache dem Erwerber vor der Preiszahlung übergeben, so gilt der Kaufpreis dennoch gegenüber allen an der Sache bisher Berechtigten als dem Pfandgläubiger zugleich bezahlt.
Der Kaufpreis gebührt dem verkaufenden Pfandgläubiger in Höhe der erforderlichen Verwertungskosten sowie seinem Rang entsprechend bis zur Höhe der gesicherten Forderung.
An die Stelle der Pfandsache tritt ein verbleibender Anspruch des früheren Pfandeigentümers auf Herausgabe jenes Erlösanteils, der dem verkaufenden Pfandgläubiger nicht gebührt .
Steht einem Dritten an der Pfandsache ein Recht zu, das durch die Verwertung erlöschen würde, so ist die zwischen Pfandgläubiger und Pfandbesteller getroffene Vereinbarung einer abweichenden Verwertungsart nur mit Zustimmung dieses Dritten wirksam.
Das Pfandrecht erlischt, wenn a) die verpfändete Sache zerstört wird, b) der Gläubiger wirksam auf sein Pfandrecht verzichtet oder c) der Gläubiger die Pfandsache dem Pfandbesteller zurückgibt. Weitere Erlöschensgründe regeln § 468 und § 469 Satz 1. Das Erlöschen des Pfandrechts allein lässt die gesicherte Forderung unberührt.
Wird die Pfandsache nach Tilgung der Schuld (§ 469) oder nach Vereinigung von Eigentum und Pfandrecht in einer Person zwangsweise versteigert oder wird dessen Zwangsverwaltung bewilligt, bevor das Pfandrecht im Grundbuch gelöscht oder die Liegenschaft oder das Pfandrecht übertragen wurde, so hat die Verteilung des Erlöses ohne Berücksichtigung dieses Pfandrechts zu erfolgen, wenn der Eigentümer auch zugleich Schuldner der gesicherten Forderung war.
Soweit aber die durch das Pfandrecht gesicherte Forderung gegen einen Dritten fortbesteht oder dem Eigentümer Ersatz für deren Tilgung zusteht (§ 1358), wird der darauf entfallende Teil des Erlöses dem Eigentümer zugewiesen.
Ein Verwertungserlös tritt an die Stelle des Pfandes.
Ist das herrschende Grundstück der Landwirtschaft gewidmet, handelt es sich um eine Felddienstbarkeit, sonst um eine Gebäudedienstbarkeit.
War die Sache bei der Verpfändung mit dem Recht eines Dritten belastet, so erwirbt der hinsichtlich dieses Rechts redliche Pfandnehmer (§ 368) ein vorrangiges Pfandrecht.
Die Vormerkung im Grundbuch bewirkt den Erwerb des Eigentumsrechts unter der Bedingung ihrer nachfolgenden Rechtfertigung. Sie ist vor allem auf Grund von glaubwürdigen Urkunden zulässig, die nicht alle Erfordernisse der §§ 432 und 433, wohl aber die der §§ 26 und 27 Grundbuchsgesetz erfüllen.
Mit der Rechtfertigung erwirbt der Vormerkungswerber das Eigentumsrecht rückwirkend im Zeitpunkt des Einreichens seines Vormerkungsgesuches und geht so allen danach Eingetragenen vor.
Hat sich der Eigentümer einer unbeweglichen Sache gegenüber zwei Personen zur Verschaffung des Eigentums an dieser Sache verpflichtet, erwirbt jene das Eigentum, die die Einverleibung zuerst beantragt hat.
Wer das Eigentum einer Sache erwirbt, erlangt auch alle damit verbundenen Rechte wie etwa die Rechte aus einer Grunddienstbarkeit , soweit sie nicht höchstpersönlich sind.
Niemand kann einem anderen mehr an Rechten übertragen, als er selbst hat.
Das Aufrechtbleiben nicht eingetragener, durch Ersitzung entstandener Lasten ist nach § 1500 zu beurteilen.
Die Vorschriften dieses Hauptstücks über Erwerb und Verlust des Eigentums an unbeweglichen Sachen sind auch auf andere dingliche Rechte an unbeweglichen Sachen sowie an Bauwerken anzuwenden.
Ein Pfandrecht kann in der Regel (§ 469) nur zur Sicherung einer gültigen Forderung bestehen.
Titel zum Pfandrechtserwerb können sein: a) das Gesetz selbst, b) eine behördliche Entscheidung, c) ein Vertrag oder d) eine letztwillige Verfügung des Eigentümers.
Bei entsprechender Anordnung kann ein Pfandrecht auch ohne Übergabe unmittelbar aufgrund eines Gesetzes entstehen (§ 425).
Ein Eigentümer kann seine Sache zur Sicherung einer eigenen oder einer fremden Schuld verpfänden.
Die Verpfändung beweglicher Sachen, deren körperliche Übergabe (§ 426) aufgrund ihrer Beschaffenheit unzweckmäßig ist , kann auch durch Zeichen vorgenommen werden (§ 427), die deutlich auf die erfolgte Verpfändung hinweisen.
Der Pfandgläubiger hat im Regelfall das Recht, sein Pfandrecht einem Dritten zu verpfänden (Afterverpfändung). Das Pfandrecht des Dritten entsteht, wenn ihm die Pfandsache übergeben oder wenn die Afterverpfändung in das Grundbuch eingetragen wird (§ 451 Abs. 1).
Die Verpfändung einer beweglichen Sache durch jemanden, dem sie nicht gehört und der über sie auch nicht verfügungsberechtigt ist, ist in der Regel unwirksam (§ 442 Satz 3).
Jedoch kann ein Pfandrecht in jenen Fällen entstehen , in denen ein gutgläubiger Eigentumserwerb nach den §§ 367 und 368, 371 oder 824 zu bejahen wäre. ann ist der Eigentümer auf sein Einlösungsrecht (§ 462 Abs. 1) und auf Schadenersatzansprüche beschränkt.
Rechte, die üblicherweise Grunddienstbarkeiten sind, können auch als persönliche Dienstbarkeit eingeräumt werden; ebenso umgekehrt (unregelmäßige Dienstbarkeiten). Auch können Rechte, die üblicherweise als Dienstbarkeit eingeräumt werden, nur schuldrechtlich gewährt werden; entweder dauerhaft verbindlich oder auf jederzeitigen Widerruf (Scheindienstbarkeiten).
Ist die Grenze zwischen Grundstücken unkenntlich oder strittig oder wurden die Grenzzeichen so beschädigt, dass sie unkenntlich werden könnten, hat jeder der beteiligten Grundeigentümer das Recht, im Verfahren außer Streitsachen die gerichtliche Erneuerung oder Berichtigung der Grenze zu verlangen.
Die folgenden Bestimmungen sind, soweit sie nur das Miteigentum regeln, auf andere gemeinschaftliche dingliche Rechte sinngemäß anzuwenden.
Wer unter Berufung darauf, Teilhaber einer Sache zu sein, Rechte geltend macht, muss seine Teilhaberschaft beweisen, wenn sie bestritten wird.
Soweit das ohne Beeinträchtigung der Rechte der übrigen Teilhaber möglich ist, kann er über seinen Anteil frei verfügen.
Jeder Teilhaber kann in der Regel jederzeit die Aufhebung der Gemeinschaft verlangen. Hat ein Teilhaber auf die Teilung verzichtet, kann er, solange die Verzichtsvereinbarung gilt, die Teilung nur aus wichtigem Grund verlangen. Ein solcher Verzicht erfasst die Erben des Teilhabers nur dann, wenn auch sie zugestimmt haben.
Kein Teilhaber darf einen anderen Teilhaber an der rechtmäßigen Benützung der gemeinschaftlichen Sache hindern.
Bei Maßnahmen der außerordentlichen Verwaltung können die überstimmten Teilhaber Sicherstellung für künftige Schäden verlangen. Wird die Sicherstellung verweigert, ist ihnen die Aufhebung der Gemeinschaft möglich; dies auch dann, wenn Teilhabern Nachteile drohen oder wenn ein Teilungsverzicht besteht .
Der Verwalter der gemeinschaftlichen Sache hat die Stellung eines Machthabers (§§ 1002 – 1034).
Dies gilt auch für einen Teilhaber, der sich im Rahmen der ordentlichen Verwaltung, wenn auch ohne Auftrag der übrigen, tatsächlich um die Sache kümmert .
Ist eine solche Naturalteilung jedoch untunlich, kann jeder Teilhaber die Versteigerung der Nutzungen verlangen.
Die Aufhebung der Miteigentumsgemeinschaft wird durch eine Teilungsvereinbarung aller Teilhaber geregelt.
Ist … bei Einvernehmen aller Teilhaber kommt auch die freiwillige Feilbietung der Sache durch einen Notar im Wege öffentlicher Versteigerung in Betracht (§§ 87a – 87e Notariatsordnung).
Jeder frühere Teilhaber einer unbeweglichen Sache erhält das ihm bei der Teilung zugewiesene alleinige Recht erst mit der Einverleibung dieses Rechts im Grundbuch (§ 436).
Wird das dienende Grundstück geteilt und betrifft die Ausübung einer Grunddienstbarkeit nur einzelne der nunmehr selbständig gewordenen Einzelgrundstücke, so erlischt das Recht hinsichtlich der anderen.
Sobald die Miteigentümer vereinbaren, als Gesellschafter einer Gesellschaft bürgerlichen Rechts zusammenwirken zu wollen, sind auf diese Miteigentumsgemeinschaft die Bestimmungen der §§ 1175 – 1216e anzuwenden.
Wenn ein und dasselbe Recht an einer Sache wie insbesondere das Eigentumsrecht mehreren Personen zusteht, liegt ein gemeinschaftliches dingliches Recht vor.
Titel zum Erwerb einer Dienstbarkeit können sein: 1. Vertrag; 2. letztwillige Verfügung; 3. hoheitliche Entscheidung im Rahmen einer Grundstücksteilung.
Reallasten belasten ein Grundstück mit in der Regel wiederkehrenden Leistungspflichten seines Eigentümers . Sofern Reallasten nicht höchstpersönlich sind , können sie vom Berechtigten unter Lebenden oder von Todes wegen übertragen werden.
Eine Dienstbarkeit an unverbücherten Liegenschaften (§ 434) und an Bauwerken (§ 435) wird nach den für das Eigentum geltenden Regeln erworben (§ 445).
Grunddienstbarkeiten werden durch Vergrößerung oder Teilung des dienenden oder herrschenden Grundstücks nicht verändert. Erfasst die Dienstbarkeit jedoch nur einzelne der durch Teilung neu entstandenen Grundstücke, so erlischt die Dienstbarkeit hinsichtlich der übrigen Grundstücke.
Das Recht des Fußweges berechtigt den Eigentümer des herrschenden Grundstücks, den Weg zu begehen oder andere Menschen zu sich kommen zu lassen.
Ob jemand einer Grunddienstbarkeit vergleichbare Rechte aus seinem Miteigentum ableiten kann und wie Streitigkeiten darüber zu entscheiden sind, ist nach den §§ 825 – 858 zu beurteilen.
Die folgenden Regeln gelten für die persönlichen Dienstbarkeiten, wenn nichts anderes vereinbart wurde.
Das Gebrauchsrecht gestattet es, eine fremde Sache ohne Substanzverletzung und nur für den eigenen Bedarf zu benutzen.
Entscheidend sind die Bedürfnisse im Zeitpunkt der Einräumung des Gebrauchsrechts.
Übliche Änderungen des Haushalts, insbesondere durch Familienzuwachs, können jedoch zu einer Ausweitung führen.
Das Fruchtgenussrecht berechtigt dazu, eine fremde unverbrauchbare Sache (§ 301) unter Schonung ihrer Substanz ohne Einschränkung zu nutzen, also etwa auch zu vermieten oder zu verpachten.
Ein Fruchtgenussrecht an verbrauchbaren Sachen ist nicht möglich. Wird ein solcher Fruchtgenuss vereinbart, so erhält der Berechtigte das Eigentum an diesen Sachen.
Er darf über sie frei verfügen und alle aus ihnen gezogenen Vorteile behalten.
Ein Fruchtgenussrecht an einem bereits angelegten Kapital kommt hingegen in Betracht; dem Berechtigten stehen dann [nur] die Zinsen zu.
Dem Fruchtgenussberechtigten steht der gesamte Ertrag der Sache zu, nicht jedoch ein auf dem dienenden Grundstück gefundener Schatz.
Für einen Wertverlust der Sache haftet der Berechtigte nur dann, wenn er ihn schuldhaft verursacht hat.
Im Dienstbarkeitsrecht bestehen insbesondere folgende Klagemöglichkeiten.
Jemand, der behauptet, dienstbarkeitsberechtigt zu sein, kann gegen den Eigentümer, der dies bestreitet, das Bestehen einer Dienstbarkeit geltend machen und gegebenenfalls dessen Zustimmung zur Einverleibung im Grundbuch verlangen.
1. Dazu muss er das von ihm behauptete dingliche Recht beweisen. 2. Der Eigentümer kann sich gegen die Anmaßung einer Dienstbarkeit wehren. Dabei muss er nur den bereits erfolgten oder zumindest unmittelbar drohenden Eingriff des Beklagten in sein Eigentum beweisen, nicht aber dessen Nichtberechtigung.
Ohne Übernahme der Sache ist ein unentgeltlicher Verwahrungsvertrag nur dann wirksam, wenn der Verwahrer seine Verpflichtungserklärung schriftlich abgibt.
Vereinbaren die Parteien, dass der Verwahrer die Sache gebrauchen darf , wird aus dem Verwahrungsvertrag bei verbrauchbaren Sachen ein Darlehensvertrag, bei unverbrauchbaren Sachen ein Leihvertrag.
Der Erwerb des Eigentums an unbeweglichen Sachen und Bauwerken, das durch rechtskräftige Gerichtsentscheidung zugesprochen wurde, bedarf ebenfalls der Einverleibung (§§ 431 bis 433) oder der Hinterlegung der Urkunde (§§ 434 und 435). Ein Erbe erwirbt das Eigentum an Grundstücken bereits durch die Einantwortung.
Mit der Vereinbarung des Forderungsübergangs entsteht nur zwischen dem Altgläubiger und dem Neugläubiger ein neues Rechtsverhältnis.
Das Recht, den Vergleich wegen Irrtums anzufechten oder anzupassen, kann nicht auf nachträglich aufgefundene Beweismittel gestützt werden.
Die Wahl einer offensichtlich unrichtigen Rechenmethode oder ein Rechenfehler bei Abschluss des Vergleichs berechtigt zur Anpassung des Vergleichs an den korrekten Betrag (§ 872).
Sicherheiten , die für das streitige Recht bestellt wurden, haften für den Teil weiter, der durch den Vergleich aufrecht geblieben ist.
Sicherungsgeber, die dem Vergleich nicht zugestimmt haben, können dem Gläubiger [jedoch] alle Einwendungen aus dem ursprünglichen Rechtsverhältnis entgegenhalten.
Der Vertrag, mit dem die Parteien zur Entscheidung über ihren Rechtsstreit einen oder mehrere Schiedsrichter bestellen, heißt Schiedsvereinbarung und wird in den § 581 bis 585 Zivilprozessordnung geregelt.
Forderungen werden nicht durch Übergabe (§§ 426 – 428), sondern durch Abtretung übertragen. Dafür ist nur erforderlich, dass sich der bisherige Gläubiger (Altgläubiger) und der neue Gläubiger (Neugläubiger) auf den Übergang der Forderung einigen.
Höchstpersönliche Rechte können nicht abgetreten werden.
Der Neugläubiger hat inhaltlich dieselben Rechte, die vor der Abtretung der Altgläubiger hatte.
Der Schuldner kann schuldbefreiend an den Altgläubiger leisten oder sich sonst mit ihm einigen, solange er vom Neugläubiger keine Kenntnis hat. Danach kann der Schuldner nur mehr seine Einwendungen gegen die Forderung erheben.
Ein zusätzlicher Vertrag, der sich auf die verwahrte Sache bezieht, unterliegt den für diesen Vertrag geltenden Vorschriften.
Hingegen ist ein Abtretungsausschluss als solcher immer unwirksam. Wurden dem Schuldner die Abtretung und der Neugläubiger bekannt gemacht, kann er daher nicht mehr schuldbefreiend an den Altgläubiger leisten.
Die Verletzung eines wirksamen Abtretungsverbots kann Schadenersatzansprüche des Schuldners gegen den Altgläubiger begründen; diese können dem Anspruch des Neugläubigers jedoch nicht entgegengehalten werden.
Ersatzansprüche gegen den Neugläubiger können nicht allein auf dessen Kenntnis vom Abtretungsverbot gestützt werden.
Bei entgeltlicher Abtretung hat er dem Neugläubiger verschuldensunabhängig für die Richtigkeit und die Einbringlichkeit der Forderung einzustehen (§ 932).
Die Haftung wegen Uneinbringlichkeit greift nicht ein, wenn a) der Erwerber einer hypothekarisch gesicherten Forderung die Uneinbringlichkeit durch Einsichtnahme in ein öffentliches Buch vorweg hätte erkennen können.
Die Forderung im Zeitpunkt der Abtretung oder der erst später eingetretenen Fälligkeit noch einbringlich war und erst danach durch einen Zufall oder durch ein Verhalten des Neugläubigers selbst uneinbringlich wurde.
Ein Vergleich kann nicht wegen Verkürzung über die Hälfte (§ 934) angefochten werden.
Bestimmte Rechtsverhältnisse sind der Verfügung durch die Parteien von vornherein entzogen. So können Ehegatten keinen Vergleich über die Gültigkeit ihrer Ehe schließen .
Wenn einer Partei ein unstrittiges und unzweifelhaftes, aber auch ein strittiges oder zweifelhaftes Recht mit ihrer Zustimmung unentgeltlich erlassen wird, liegt eine Schenkung vor.
Ein Vergleich liegt vor, wenn die Parteien verbindlich festlegen, dass ein zwischen ihnen zunächst umstrittenes oder ein zweifelhaftes Recht in einem bestimmten Umfang besteht.
Wer sich zur Befriedigung des Gläubigers verpflichtet, falls der Schuldner seine Verpflichtung nicht erfüllt, ist ein Bürge. Die mit dem Gläubiger getroffene Vereinbarung heißt Bürgschaftsvertrag.
Ein Bürgschaftsvertrag ist nur aufgrund einer schriftlichen Verpflichtungserklärung (§ 886) des Bürgen gültig.
Wurden für ein und dieselbe Schuld mehrere Bürgschaften übernommen, so haftet jeder Bürge für den gesamten Betrag (§ 891).
Derjenige, der an den Gläubiger mehr bezahlt hat, als seinem internen Anteil entspricht (§ 896), kann von den übrigen Rückersatz verlangen.
Der Bürge kann vom Entschädigungsbürgen (§ 1348) nur soweit Entschädigung verlangen, wie sein Schaden ohne eigenes Verschulden entstanden ist.
Die Verpflichtung des Bürgen endet mit der des Schuldners.
Besteht die begründete Gefahr, dass der Schuldner zahlungsunfähig wird oder dass er sich dauerhaft aus Österreich entfernt, kann der Bürge von ihm auch schon vor Fälligkeit die Sicherstellung der verbürgten Schuld verlangen.
Die Vereinbarung, künftig eine Sache als Pfand zu übergeben, ist kein Pfandvertrag.
Der Handpfandnehmer ist verpflichtet, dem Verpfänder auf dessen Verlangen einen Pfandschein auszustellen und darin die Pfandsache durch unterscheidungskräftige Merkmale zu beschreiben.
nan
Wer ausreichendes Vermögen besitzt und im Europäischen Wirtschaftsraum geklagt werden kann , ist ein geeigneter Bürge.
Gläubiger und Schuldner können ein zwischen ihnen bestehendes Rechtsverhältnis in den Grenzen des zwingenden Rechts einvernehmlich ändern.
Ein Neuerungsvertrag liegt vor, wenn der Rechtsgrund oder der Hauptgegenstand einer Verpflichtung geändert wird. Mit dieser Änderung wird die bisherige Verpflichtung durch die nunmehr vereinbarte ersetzt.
nan
Eine Anweisung liegt vor , wenn jemand (Anweisender) einen anderen (Angewiesener) auffordert, einem Dritten (Empfänger) eine bestimmte Leistung zu erbringen. Eine solche Anweisung ermächtigt a) den Empfänger zur Einhebung der Leistung beim Angewiesenen und b) den Angewiesenen zur Leistung an den Empfänger für Rechnung des Anweisenden.
Der Empfänger hat gegen den Angewiesenen erst dann einen Anspruch, wenn ihm der Angewiesene erklärt hat , die Anweisung anzunehmen.
Der Anweisende kann die Anweisung widerrufen, bis sie der Angewiesene dem Empfänger gegenüber angenommen oder bis er geleistet hat .
Fällt der zunächst vorhandene Rechtsgrund einer Leistung weg, kann sie zurückgefordert werden.
…
Treffen gleichartige, richtige und fällige Forderungen zweier Personen, die einander zugleich als Gläubiger und als Schuldner gegenüberstehen, zusammen, so entsteht eine Aufrechnungslage. Erklärt ein Beteiligter dem anderen, die Aufrechnung vorzunehmen, kommt es zu einer wechselseitigen Erfüllung im Umfang der geringeren Forderung.
Ob und wie gegen eine Insolvenzmasse aufgerechnet werden kann, wird in §§ 19 und 20 IO bestimmt.
Nach wiederholter Abtretung einer Forderung kann der Schuldner nur mit Forderungen gegen den ersten und den letzten bekannten Gläubiger (§ 1395 Satz 2) aufrechnen; mit einer gegen den ersten Gläubiger bestehenden Forderung dann, wenn sie entstanden ist, bevor der Schuldner von der ersten Abtretung verständigt wurde.
Durch Vereinbarung mit seinem Schuldner kann ein Gläubiger auf sein Recht verzichten.
Vereinigen sich Gläubiger- und Schuldnerstellung in einer Person, erlischt die Forderung, soweit sich aus gesetzlichen Vorschriften nichts anderes ergibt.
Eine solche Ausnahme besteht für die Forderung des Erben bei bedingter Erbantrittserklärung (§ 802) oder nach Absonderung der Verlassenschaft (§ 812). Beerbt ein Schuldner seinen Gläubiger, bleiben die Rechte der Erbschaftsgläubiger, der Miterben und der Vermächtnisnehmer ebenfalls unverändert.
Wird die Erfüllung einer Forderung durch einen Zufall gänzlich unmöglich, treffen den Schuldner hinsichtlich dieser Schuld keine Verpflichtungen mehr.
Hat der Schuldner im Zusammenhang mit seiner Verpflichtung etwas erhalten, insbesondere eine vertragliche Gegenleistung , muss er das Erhaltene wie ein redlicher Besitzer (§ 326) zurückstellen oder vergüten (§ 1435).
Durch den Tod erlöschen nur höchstpersönliche Rechte und Verpflichtungen; alle anderen werden vererbt (§ 531).
Nach der Versäumung von Fristen des bürgerlichen Rechts ist eine Rückführung in die Rechtsposition, wie sie vor Fristablauf bestand (Wiedereinsetzung [in den vorigen Stand]), ausgeschlossen.
Wann und mit welchen Wirkungen nach der Versäumung verfahrensrechtlicher Fristen eine Wiedereinsetzung in Frage kommt, ergibt sich aus den Verfahrensgesetzen; so insbesondere aus den §§ 146 – 154 der Zivilprozessordnung.
Hingegen kann das Eigentum an verpfändeten, verliehenen, in Verwahrung oder zum Fruchtgenuss gegebenen Sachen vom Pfandgläubiger, Entlehner, Verwahrer oder Fruchtgenussberechtigten nicht ersessen werden.
Dingliche Rechte an beweglichen Sachen werden in der Regel durch dreijährigen rechtlichen Besitz (§ 328a) ersessen.
Wer von einem rechtlichen Besitzer (§ 328a) in der gleichen Weise erwirbt, kann sich die Ersitzungszeit dieses Vorbesitzers anrechnen.
Bei der außerordentlichen Ersitzung nach dreißig oder vierzig Jahren (§ 1477) findet eine solche Anrechnung trotz Unrechtmäßigkeit des Vorbesitzes statt.
Der Leistungsempfänger wird als unredlicher Besitzer (§ 326) behandelt, sobald er weiß oder vermuten muss, dass ihm die Leistung nicht zusteht. Für den Umfang der Rückgabeverpflichtung sind die §§ 329-336 sinngemäß anzuwenden.
Der Leistende kann vom Empfänger das zurückfordern, was er ihm im irrigen Glauben an eine entsprechende Verpflichtung geleistet hat. Lässt die Art der Leistung eine Rückgabe nicht zu , hat der Leistende Anspruch auf eine Vergütung in der Höhe des Nutzens, den der Empfänger erzielt hat.
Besteht zwischen dem Anweisenden und dem Angewiesenen kein Rechtsverhältnis, begründet die Zustimmung des Angewiesenen im Zweifel einen Auftragsvertrag ( §§ ## ); eine solche Zustimmung kann auch in der Befolgung der Anweisung liegen. Durch den Tod des Anweisenden oder des Angewiesenen erlischt die Anweisung nicht.
Erfüllt der Schuldner seine Verpflichtung, kann er vom Gläubiger als Bestätigung der Erfüllung eine schriftliche Quittung verlangen; wenn möglich ist die Quittung Zug um Zug gegen Erbringung der Leistung zu übergeben.
Der Anspruch des Empfängers gegen den Angewiesenen verjährt in drei Jahren ab der Annahme der Anweisung, bei späterer Fälligkeit erst ab diesem Zeitpunkt.
Wer einem Schuldner verspricht, statt ihm an den Gläubiger zu leisten, hat den Schuldner vor einer Inanspruchnahme durch den Gläubiger zu bewahren.
Die Erfüllung kann auch durch eine andere als die geschuldete Leistung erfolgen, wenn sich Schuldner und Gläubiger darauf einigen.
Der Gläubiger hat das Recht, einer Teilerfüllung zu widersprechen.
Bestehen mehrere gleichartige Verpflichtungen gegenüber einem Gläubiger und will der Schuldner nur einzelne erfüllen, so kann er erklären, welche Verpflichtung er mit seiner Leistung tilgen will.
Wird auf eine verzinsliche Schuld nur ein Teilbetrag bezahlt, so werden ohne wirksame Widmung zuerst die Zinsen und dann das Kapital getilgt. Bei mehreren Kapitalforderungen werden ohne wirksame Widmung wiederum unter Vorrang der Zinsen zuerst die vom Gläubiger bereits eingeforderten Ansprüche in der Reihenfolge ihrer Einforderung getilgt; danach noch nicht eingeforderte, aber bereits fällige Kapitalforderungen in der Reihenfolge ihrer Fälligkeit.
Unterhaltsverpflichtungen sind am Monatsersten zu erfüllen.
Stirbt der Berechtigte, steht die Unterhaltsleistung für den Todesmonat den Erben zu.
Auch nicht voll geschäftsfähige Personen können eine fällige und einredefreie Verpflichtung erfüllen.
Der Schuldner wird von seiner Verpflichtung befreit, wenn er an den Gläubiger oder an eine sonstige zum Empfang berechtigte Person leistet.
War der Empfang der Leistung von der Geschäftsfähigkeit des Gläubigers nicht gedeckt, wirkt die Leistung nur insoweit schuldbefreiend, wie sie noch im Vermögen des Gläubigers vorhanden ist oder zu seinem Nutzen verwendet wurde.
Der Schuldner kann die von ihm zu leistende Sache bei Gericht hinterlegen (gerichtlicher Erlag), wenn a) der Gläubiger unbekannt ist, b) der Gläubiger abwesend ist, c) der Gläubiger mit dem Angebotenen zu Unrecht unzufrieden ist oder d) dem Schuldner die Erfüllung aus anderen wichtigen Gründen nicht möglich ist. Eignet sich die Sache nicht für einen Erlag bei Gericht (§ 284 Abs. 1 Geo), so kann ihre gerichtliche Verwahrung beantragt werden.
Eine solche, rechtmäßig vorgenommene Handlung, die dem Gläubiger bekannt gemacht wurde, wirkt schuldbefreiend, und die Gefahr hinsichtlich der geschuldeten Sache geht auf den Gläubiger über.
Übernimmt ein Dritter die Schuld mit Zustimmung des Gläubigers anstelle des Schuldners, so schuldet nur mehr der Übernehmer (Schuldübernahme, §§ 1405 – 1407).
Ein Dritter kann den Gläubiger vor allem dadurch sicherstellen, dass er der Schuld als Mitschuldner beitritt (Schuldbeitritt, § 1347) oder dem Gläubiger Befriedigung verspricht, falls der Schuldner seine Verpflichtung nicht erfüllt (Bürgschaft, § 1346).
Der Erbrechtsverkäufer haftet dem Erbrechtskäufer für das tatsächliche Bestehen seines Erbrechts gemäß dem Inhalt des Kaufvertrages. Der Verkäufer haftet dem Käufer überdies für schuldhaft zugefügte Schäden.
Der Darlehensnehmer verpflichtet sich, ebenso viele Sachen derselben Gattung und Güte zurückzugeben.
Die Dauer eines Kreditvertrags wird in der Regel durch die datumsmäßige Festlegung eines Endtermins festgelegt. Eine bestimmte Dauer kann sich aber auch aus dem Zusammenspiel der Vereinbarungen a) über den Kreditbetrag, b) über die Art der Rückzahlung des Kredits und c) über die zu leistenden Zinsen ergeben.
Unwirksam sind Vereinbarungen, durch die dem Kreditgeber das Recht eingeräumt wird, einen auf bestimmte Zeit geschlossenen Kreditvertrag vorzeitig aufzulösen, ohne dass dafür eine sachliche Rechtfertigung besteht.
Der Kreditgeber kann die Auszahlung des Kreditbetrags verweigern, wenn es nach Vertragsabschluss a) zur Verschlechterung der Vermögenslage des Kreditnehmers oder b) zur Entwertung vereinbarter Sicherheiten in einem solchen Ausmaß kommt, dass die Rückzahlung des gesamten Kredits einschließlich der Zinsen trotz Verwertung vorhandener Sicherheiten gefährdet ist.
Ein Vertrag, … Ist das Geschäft vom Beauftragten im eigenen Namen zu besorgen, sind [darauf] die Vorschriften dieses Hauptstücks anzuwenden, soweit sie nicht das Auftreten des Beauftragten als Vertreter des Auftraggebers voraussetzen.
Der Beauftragte ist verpflichtet, das Geschäft im Rahmen der ihm erteilten Vollmacht vereinbarungsgemäß und sorgfältig zu besorgen.
Er muss alle aus dem Geschäft erlangten Vorteile dem Auftraggeber überlassen und diesem auf dessen Verlangen jederzeit Rechnung legen.
Durch sein Verschulden verursachte Schäden muss er ersetzen.
Geht der Vertreter beim Abschluss des Rechtsgeschäfts über den Umfang der ihm erteilten Vollmacht hinaus oder hat der als Vertreter Auftretende gar keine Vollmacht (Scheinvertretung), so kommt das Rechtsgeschäft nicht zustande. Vertretene das Geschäft genehmigt oder sich den aus dem Geschäft entstandenen Vorteil mit Genehmigungswillen zuwendet.
Handelte ein Scheinvertreter und wurde der Vertretungsmangel nachträglich nicht geheilt (§ 1016), muss der Scheinvertreter dem Geschäftspartner jenen Schaden ersetzen, den dieser im Vertrauen auf die ausreichende Vertretungsmacht erlitten hat.
Die Ersatzpflicht ist mit dem Interesse begrenzt, das der Geschäftspartner an der Wirksamkeit des Vertrages hat.
Der Auftraggeber kann den Bevollmächtigungsvertrag jederzeit fristlos kündigen und damit zugleich die Vollmacht widerrufen.
Wer sich ohne Vertrag mit dem Gefährdeten [und ohne Rückfragemöglichkeit] um die Abwendung eines drohenden Schadens bemüht, handelt erlaubt ; er hat sogar bei ausgebliebenem Erfolg Anspruch auf Ersatz des getätigten notwendigen oder zweckmäßigen Aufwands.
nan
Ohne ein solches Einverständnis handelt der Geschäftsführer zwar verboten ; er kann aber dennoch Ersatz der getätigten Aufwendungen verlangen, soweit sie dem Geschäftsherrn einen subjektiven Vorteil verschafft haben.
Wer ein fremdes Geschäft ohne Auftrag zum Nutzen eines anderen (§ 1037) begonnen hat, ist verpflichtet, das Geschäft bis zur Vollendung fortzusetzen, sofern sich der Geschäftsherr nicht dagegen ausspricht. Jeden Geschäftsführer ohne Auftrag trifft wie einen Beauftragten eine Rechnungslegungspflicht (§ 1012) und unter Umständen auch eine Herausgabepflicht (§ 1009).
Jede Vertragspartei kann den Darlehensvertrag jederzeit ohne Einhaltung einer Frist kündigen, wenn es ihr unzumutbar ist, ihn aufrechtzuerhalten.
Im Darlehensvertrag verpflichtet sich der Darlehensgeber, dem Darlehensnehmer vertretbare Sachen (§ 306a) zu übergeben, über die dieser nach Belieben verfügen kann.
Im Tauschvertrag verpflichten sich die Parteien, einander Besitz und Eigentum an bestimmten Sachen zu verschaffen.
Hat der Verleiher innerhalb von dreißig Tagen nach Rückgabe des Leihgegenstandes die vertragswidrige Verwendung der Sache dem Entleiher gegenüber nicht beanstandet, verliert er seine aus dieser Vertragswidrigkeit folgenden Ansprüche. Gleiches gilt für Ansprüche des Entleihers wegen von ihm vorläufig übernommener Erhaltungskosten, die er dem Verleiher innerhalb der dreißig Tage nicht mitgeteilt hat.
Ohne besondere Vereinbarung muss der Verwahrer die Sache während der Vertragsdauer hinreichend sicher aufbewahren. Danach hat er sie dem Hinterleger mit einem allfälligen Zuwachs zurückzugeben.
Wurde keine bestimmte Vertragsdauer vereinbart, liegt ein Verwahrungsvertrag auf unbestimmte Zeit vor. Er kann von jeder Vertragspartei jederzeit mit sofortiger Wirkung gekündigt werden.
Der Verwahrer haftet für Schäden, die durch schuldhafte Verletzung seiner Vertragspflichten entstanden sind.
Für einen an der Sache zufällig eingetretenen Schaden haftet der Verwahrer, wenn der Schaden deshalb entstanden ist, weil er sie schuldhaft 1. unbefugt gebraucht, 2. ohne Erlaubnis des Hinterlegers und ohne Notwendigkeit einem Dritten in Verwahrung gegeben oder 3. nicht zeitgerecht zurückgestellt hat.
Wurde die Sache nicht zur Aufbewahrung übernommen, erlischt der Ersatzanspruch, wenn der Geschädigte seinen erkannten Schaden dem nach § 970 Haftpflichtigen nicht unverzüglich meldet.
Wird vereinbart, dass eine Sache auf bestimmte oder unbestimmte Zeit zum unentgeltlichen Gebrauch zu übergeben ist, liegt ein Leihvertrag vor.
Ohne Übergabe der Sache ist der Vertrag nur dann wirksam, wenn der Verleiher seine Verpflichtungserklärung schriftlich abgibt.
Nach Beendigung des Vertrages muss der Entleiher genau jene Sache zurückgeben, die er vom Verleiher erhalten hat. Wurde zwar nicht die Vertragsdauer, wohl aber ein bestimmter Gebrauchszweck festgelegt, so muss der Entleiher die Sache unverzüglich nach dem Zeitpunkt zurückgeben, zu dem ihm der geplante Gebrauch möglich war.
Wurde von den Parteien weder die Dauer noch der Zweck des Gebrauchs bestimmt, so liegt [nur] eine Bittleihe [auf unbestimmte Zeit] vor. In einem solchen Fall kann die Sache jederzeit zurückgefordert werden; ebenso dann, wenn ein solches Rückforderungsrecht vereinbart wurde .
Ist die Vertragsdauer oder die Vereinbarung einer bloßen Bittleihe strittig, sind im Zweifel die kürzere Dauer und eine Bittleihe anzunehmen.
Der Verleiher darf die Sache sofort zurückfordern, wenn sie der Entleiher vertragswidrig gebraucht.
Wird die geliehene Sache beschädigt oder zerstört, gerät sie in Verlust oder wird sie nicht rechtzeitig zurückgegeben, so haftet der Entleiher für den dadurch schuldhaft verursachten Schaden. Darüber hinaus hat er wie ein Verwahrer (§ 965) für jene durch Zufall entstandenen Schäden einzustehen, die er durch eine vertragswidrige schuldhafte Handlung verursacht hat (§ 1311 Satz 2).
Hat der Entleiher dem Verleiher Schadenersatz für den verloren gegangenen Leihgegenstand geleistet und erhält er die Sache wieder zurück, muss er sie dem Verleiher auf dessen Verlangen Zug um Zug gegen Rückzahlung des Ersatzbetrags herausgeben. Entscheidet sich der Verleiher hingegen für die Ersatzleistung, darf der Entleiher die Sache behalten; Eigentum des Verleihers geht auf den Entleiher über.
Für die mit dem [vertragsgemäßen] Gebrauch üblicherweise verbundene Erhaltung der Sache muss der Entleiher auf eigene Kosten sorgen.
Darüber hinausgehende notwendige Erhaltungsmaßnahmen sind vom Verleiher vorzunehmen und zu bezahlen. Hat der Entleiher die Kosten dafür vorläufig übernommen, weil er die Sache dem Verleiher für solche Erhaltungsmaßnahmen nicht zurückstellen konnte oder wollte, kann er vom Verleiher Ersatz verlangen .
Wurde eine Sache zum Vorteil einer Person verwendet, die zu einer solchen Vorteilsziehung nicht berechtigt war, kann der Berechtigte die Sache zurückverlangen. Ist die Herausgabe der Sache nicht möglich, steht dem Berechtigten der Ersatz ihres Wertes zu. Dieser richtet sich nach dem Zeitpunkt der Verwendung der Sache; ein späterer Wegfall des Vorteils ist unbeachtlich.
Das Eigentum geht mit Übergabe der Sache auf den Erwerber über.
Wurde dem Erbrechtserwerb ein Inventar zugrunde gelegt, haftet der Verkäufer darüber hinaus [verschuldensunabhängig] für die Richtigkeit und Vollständigkeit des Inventars (§ 922).
Der Vorkaufsverpflichtete haftet dem Berechtigten für alle Schäden, die diesem infolge Unterlassung der Mitteilung oder des Angebots gemäß § 1075 Abs. 2 entstanden sind.
Wurde die Sache dem Käufer bereits übergeben, ist sein Schweigen bis nach Ablauf der Probezeit als Genehmigung anzusehen.
Wurde der Kauf unter der Bedingung geschlossen, dass der Verkäufer binnen bestimmter Zeit eine andere Person als Käufer vorziehen darf, so ist der Vertrag aufschiebend bedingt, wenn die Sache dem Käufer noch nicht übergeben wurde; ansonsten ist er auflösend bedingt (§ 696).
Der Verkäufer kann frei entscheiden, ob er einen anderen Käufer, der ein bindendes Angebot gemacht hat , vorzieht.
Während der festgelegten Frist bleibt der Übergeber Eigentümer, bis der Übernehmer die Sache einem Dritten übereignet.
Haben die Parteien den Preis oder die Frist für Zahlung oder Rückgabe nicht festgelegt , wird der Übernehmer wie ein Beauftragter behandelt .
Für vom Staat und von seinen Konzessionären veranstaltete Glücksspiele gelten [nicht die Vorschriften über Wette und Spiel, sondern] nur die dafür erlassenen besonderen Regelungen.
Wer hingegen eine erhoffte Sache oder pauschal die erhofften zukünftigen Erträge einer Sache unbedingt um einen bestimmten Preis kauft, schließt einen Glücksvertrag. Einerseits hat er den Preis sogar dann zu zahlen, wenn seine Erwartung vollständig unerfüllt bleibt; andererseits stehen ihm alle auf gewöhnliche Weise erzielten Erträge zu, auch wenn sie über das Erwartete hinausgehen.
Wer eine dem Verkäufer bereits angefallene oder von diesem sogar schon angetretene Erbschaft vor Einantwortung kauft, erwirbt dessen Erbrecht. Er übernimmt damit alle übertragbaren Rechte und Verpflichtungen des Verkäufers, die sich aus dessen Erbenstellung ergeben.
Wurde dem Kauf kein Inventar zugrunde gelegt, handelt es sich um einen Glücksvertrag.
Der Erbrechtskauf bedarf zu seiner Gültigkeit eines Notariatsakts oder der Beurkundung durch gerichtliches Protokoll.
Der Erwerber erhält jeglichen Zuwachs der Erbschaft, der dem Veräußerer als Erben zugestanden wäre. Sachen, die dem Veräußerer aus einem anderen Grund als seinem Erbrecht zustehen, sind vom Erbschaftskauf nicht erfasst.
Alles, was dem Verkäufer aus dem Erbrecht gebührt, gehört zur Verlassenschaft.
Aufwendungen, die der Verkäufer für den Antritt der Erbschaft oder für die Verlassenschaft [aus seinem eigenen Vermögen] getätigt hat, sind vom Käufer zusätzlich zum Kaufpreis zu vergüten.
nan
Die Rechte der Erbschaftsgläubiger und die Pflichten der Erbschaftsschuldner werden durch den Erwerb eines Erbrechts nicht verändert.
Die Erbantrittserklärung des Veräußerers wirkt auch für den Erwerber.
Ist das Vorkaufsrecht im Grundbuch eingetragen, kann der Berechtigte sein Vorkaufsrecht sogar dann ausüben und die Sache vom Dritten herausverlangen, wenn dieser bereits als Eigentümer im Grundbuch einverleibt wurde.
Der Tauschvertrag verpflichtet jede Partei, die geschuldete Tauschsache der anderen Partei bei Fälligkeit am Erfüllungsort im vereinbarten Zustand zu übergeben. Jede Partei trifft die Obliegenheit, die ihr ordnungsgemäß angebotene Sache zu übernehmen.
Das Vorkaufsrecht kann nicht ausgeübt werden, wenn der Berechtigte die angebotenen oder die zwischen dem Dritten und dem Verpflichteten ausgehandelten Nebenbedingungen nicht erfüllen kann und sie auch nicht durch eine angemessene Geldsumme (Schätzwert) ausgeglichen werden können.
Geringere zufällige Wertminderungen in diesem Zeitraum belasten den Schuldner der Sache.
Beim Tausch von Sachen in Bausch und Bogen (§ 930) treffen der zufällige Verlust und die Beschädigung einzelner Stücke den Gläubiger. Hat jedoch die Gesamtheit der Tauschsachen dadurch mehr als die Hälfte ihres Werts verloren, so wird der Tauschvertrag unwirksam.
Bis zum vereinbarten Übergabezeitpunkt stehen dem Veräußerer jene Nutzungen zu, die ohne Beeinträchtigung des Sachzustandes gezogen werden können.
Danach gebühren alle Nutzungen einschließlich des Zuwachses auch ohne tatsächliche Übergabe dem Erwerber.
Mangels anderer Vereinbarung kann die Übergabe der Tauschsache nur fordern, wer seine eigene Leistungspflicht bereits erfüllt hat oder ihre gleichzeitige Erfüllung anbietet.
nan
Bei Veräußerung einer Sache teils gegen Geld und teils gegen eine andere Sache wird der Vertrag je nach Überwiegen des Wertes als Kauf oder Tausch behandelt. Bei gleichem Wert ist ein Kauf anzunehmen. Entsprechendes gilt, wenn neben dem Geld eine andere als eine Sachleistung versprochen wird.
Die Preisfestsetzung kann einer bestimmten dritten Person überlassen werden.
Eine Anfechtung wegen Verkürzung über die Hälfte (§§ 934 – 935) kommt auch dann in Betracht, wenn die Preisfestsetzung einem Dritten überlassen wurde.
Mangels anderer Vereinbarung muss der Käufer den Kaufpreis gegen gleichzeitige Übergabe der Sache leisten § 1052. (1). Den Käufer trifft die Obliegenheit, die ihm ordnungsgemäß angebotene Sache zu übernehmen.
Das Wiederkaufsrecht berechtigt den Verkäufer, die verkaufte unbewegliche Sache zurückzukaufen.
Die Vereinbarung, dass der Eigentümer eine Sache zuerst einer bestimmten Person anbieten muss, wenn er sie verkaufen will, begründet ein Vorkaufsrecht.
Das Vorkaufsrecht ist höchstpersönlich , kann also nur vom Berechtigten selbst ausgeübt werden.
Das Vorkaufsrecht erlischt, wenn der Berechtigte bewegliche Sachen nicht binnen vierundzwanzig Stunden und unbewegliche Sachen nicht binnen dreißig Tagen nach Zugang der Information oder des Einlösungsangebots wirklich einlöst.
Bei gerichtlicher Verwertung der belasteten Sache muss der Vorkaufsberechtigte von Zeit und Ort der Versteigerung verständigt werden. Bei im Grundbuch einverleibtem Vorkaufsrecht hat ihn das Gericht einzuladen, ansonsten hat ihn der Verpflichtete zu verständigen .
nan
Ein Vermächtnisnehmer erwirbt Eigentum an unbeweglichen Sachen oder Bauwerken nach den §§ 431 bis 435. Voraussetzung für die Einverleibung ist eine Bestätigung des Verlassenschaftsgerichts gemäß § 182 Abs. 3 Außerstreitgesetz.
Ein solches Recht kann jedoch demjenigen nicht entgegengehalten werden, der im Vertrauen auf den Grundbuchstand ein Recht am selben Grundstück erworben hat, bevor die durch Ersitzung erfolgte Rechtsänderung einverleibt oder vorgemerkt oder ein Streit über das betreffende Recht angemerkt wurde (§§ 8 sowie 69–71 Grundbuchsgesetz).
Dasselbe gilt für die Übertragung des Eigentums an Bauwerken, die auf fremdem Grund in der Absicht aufgeführt sind, dass sie nicht stets darauf bleiben sollen (Superädifikate), sofern sie nicht Zubehör eines Baurechtes sind (§ 6 Abs. 1 Baurechtsgesetz).
Handlungsfähig ist, wer sich durch eigenes Handeln berechtigen oder verpflichten kann.
Das Vorliegen dieser Voraussetzungen wird bei Volljährigen vermutet; wurde allerdings in einem Bereich gehandelt, für den eine Vertretung durch einen Vorsorgebevollmächtigten oder einen Erwachsenenvertreter besteht.
Im Verhältnis zu anderen Personen haben erlaubte Gesellschaften als juristische Personen (§ 26) in der Regel die gleiche Rechtsstellung wie Menschen.
Unerlaubt sind Gesellschaften, die a) gesetzlich verboten sind, b) der Sicherheit und der öffentlichen Ordnung widersprechen oder c) den guten Sitten widersprechen.
Der Besitzer kann nach den §§ 454 – 459 der Zivilprozessordnung vorgehen. Dabei kann er die Wiederherstellung des früheren Besitzstandes sowie die künftige Unterlassung gleichartiger Störungen verlangen.
Sachen, die zur Erfüllung öffentlicher Aufgaben bestimmt sind, gehören zum Staatsvermögen.
Sachen, die nur widmungsgemäß benützt werden dürfen, wie etwa Straßen, heißen öffentliches Gut.
Sachen, die keinen Eigentümer haben und die sich jedermann frei aneignen kann, heißen freistehende Sachen.
Sofern Sachen einen Eigentümer haben, stehen sie entweder im öffentlichen Eigentum von Bund, Ländern und Gemeinden oder im Privateigentum.
Die Religionszugehörigkeit hat auf die Privatrechte keinerlei Einfluss.
Die Frist beginnt bei einem Sachwert von höchstens 10 Euro mit dem Zeitpunkt des Findens, sonst mit der Erstattung der Anzeige und der Abgabe der Sache (§ 390).
Der redliche Finder, der die gefundene Sache in seiner Gewahrsame hat, erwirbt an ihr Eigentum, wenn sich innerhalb eines Jahres beim Finder oder beim Bürgermeister (§ 390) kein Verlustträger meldet, um die Sache wiederzuerlangen.
Der Begriff der Familie umfasst die Stammeltern mit all ihren Nachkommen.
Wenn eine fremde Sache einsturzgefährdet ist, kann der dadurch nachweislich gefährdete Besitzer einer unbeweglichen Sache oder ein an ihr dinglich Berechtigter Sicherstellung für drohende Schäden verlangen, sofern die zuständige Verwaltungsbehörde noch keine ausreichenden Maßnahmen zur Gefahrenabwehr ergriffen hat.
Die Verbindung zwischen diesen Personen heißt Verwandtschaft. Die Verbindung zwischen einem Ehegatten und den Verwandten des anderen Ehegatten heißt Schwägerschaft.
Privateigentum kann Menschen oder juristischen Personen zustehen.
Der Besitz ist unecht, wenn er eigenmächtig oder durch List erworben wurde; Eigenmacht liegt in jeder Besitzentziehung, aber auch in der Überschreitung der Grenzen eines Prekariums (§ 974).
Der frühere Besitzer kann den unechten Besitzer auf die Rückgabe der Sache sowie auf die Unterlassung künftiger Besitzentziehungshandlungen klagen.
Handlungsfähigkeit setzt Entscheidungsfähigkeit voraus, soweit das Gesetz nicht ausnahmsweise darauf verzichtet. Im jeweiligen Zusammenhang können weitere Erfordernisse wie insbesondere ein Mindestalter vorgesehen sein.
Lebendgeburt wird vermutet.
Nach dem Tod wirken die Persönlichkeitsrechte im Andenken an die verstorbene Person fort
Jede eigenmächtige Störung fremden Besitzes ist verboten.
Unredlich besitzt, wer den Mangel seiner Berechtigung kennt oder kennen muss.
Redlicher Besitz kommt auch bei Irrtum des Besitzers in Betracht.
Er haftet jedoch nicht für Beschädigung, Gebrauch oder Untergang der Sache.
Jede Person, die sich in ihren Rechten verletzt fühlt, kann vor der zuständigen Behörde dagegen vorgehen.
Selbsthilfe und Überschreitung der Grenzen der Notwehr sind verboten.
Ihm gebührt jedoch eine angemessene Vergütung, wenn er dem Eigentümer einen tatsächlichen Nutzen verschafft hat, indem er eine Sache, die der Eigentümer sonst nicht oder nur schwerlich zurückbekommen hätte, mit der Bereitschaft erlangt hat, sie einem dritten Eigentümer zukommen zu lassen.
Für die Befruchtung eines Tieres durch das Tier eines anderen ist nur dann ein Entgelt zu zahlen, wenn dies vereinbart wurde.
Die Erzeugnisse eines Grundstücks oder eines Tieres gehören bis zur Absonderung dem Eigentümer.
Das kann auf natürliche Weise oder durch menschliches Tun geschehen.
Zuwachs ist alles, was aus einer Sache entsteht oder mit ihr ohne Übergabe durch eine fremde Person untrennbar verbunden wird.
Ob und inwieweit dem Inhaber gegen einen Herausgabeanspruch ein Zurückbehaltungsrecht an der Sache wegen seiner Forderungen zusteht, ergibt sich aus den §§ 471 und 1440.
Der unredliche Besitzer hat nicht nur die Sache (§ 331), sondern auch alle Vorteile, die er durch ihren Besitz erlangt hat, herauszugeben oder zu vergüten; ebenso alle Vorteile, die der Eigentümer erlangt hätte, wenn die Sache bei ihm gewesen wäre .
Die Sachen werden eingeteilt in: a) körperliche und unkörperliche, b) bewegliche und unbewegliche, c) verbrauchbare und unverbrauchbare, d) schätzbare und unschätzbare, e) vertretbare und unvertretbare, f) teilbare und unteilbare sowie g) verkehrsfähige und nicht oder bloß beschränkt verkehrsfähige .
Für die Redlichkeit des Besitzes einer juristischen Person ist die Redlichkeit ihrer Organe maßgeblich.
Juristische Personen haften dem Eigentümer für die Unredlichkeit ihrer Organe. Die unredlichen Organe sind der juristischen Person zum Rückersatz verpflichtet.
Minderjährige, aber auch volljährige Personen, die alle oder einzelne ihrer Angelegenheiten selbst nicht ausreichend wahrnehmen können, stehen als schutzberechtigte Personen unter besonderem gesetzlichen Schutz.
Die Vorschriften dieses Gesetzbuchs gelten mangels anderer Anordnung auch für Sachen, die zum Vermögen einer Gebietskörperschaft gehören.
Minderjährige sind jünger als 18 Jahre, unmündige Minderjährige sind jünger als 14 Jahre.
Ungeborene genießen ab dem Zeitpunkt ihrer Empfängnis vongesetzlichen Schutz.
Zur Wahrung ihrer Rechte, besonders ihrer Erbrechte , werden sie unter der Voraussetzung späterer Lebendgeburt als Geborene behandelt.
Wer unbefugt einen fremden Namen oder Decknamen gebraucht oder einem anderen das Recht zur Führung seines Namens zu Unrecht bestreitet, ist dem Namensträger zur Unterlassung verpflichtet; bei Verschulden überdies zum Schadenersatz.
Die Ehe wird durch den Ehevertrag begründet.
Der Finder hat den Fund unverzüglich dem Bürgermeister jener Gemeinde, in der er die Sache gefunden hat (§ 14 Abs. 5 Sicherheitspolizeigesetz) , anzuzeigen und die gefundene Sache abzugeben. Er hat über alle Umstände, die für die Ausforschung eines Verlustträgers maßgeblich sind, Auskunft zu geben.
Ist eine Sache vom Gericht zu schätzen, so muss das Ergebnis der Schätzung auf eine genau bestimmte Geldsumme lauten.
Der Berechtigte darf mit seinen Sachen nach Belieben verfahren und jeden anderen davon ausschließen.
Gelingt dem Kläger der Eigentumsbeweis nicht, war er aber früher rechtlicher Besitzer der Sache (§ 328a), wird er gegenüber dem beklagten Inhaber, der keinen oder nur einen schwächeren Titel vorweisen kann, wie der wahre Eigentümer behandelt.
Steht eine Sache im Eigentum von mehr als einer Person, liegt Miteigentum vor.
Alleineigentum an noch nicht abgetrennten Teilen einer einheitlichen Sache ist an selbständigen Bestandteilen (§ 294) möglich; ansonsten nur in gesetzlich vorgesehenen Ausnahmefällen.
Die Sache ist dem Kläger zu überlassen, wenn er beweist, dass der Besitzer aus den Umständen des Erwerbs Verdacht hätte schöpfen müssen und daher nicht redlich war. Der Kläger hat die Sache zu individualisieren sowie sein Eigentumsrecht und die Innehabung durch den Beklagten zu beweisen.
Beim Erwerb von einem Unternehmer im gewöhnlichen Betrieb seines Unternehmens genügt der gute Glaube an die Befugnis des Veräußerers, über die Sache im eigenen Namen zu verfügen.
Aufgrund des Verlusts hat der vorige Eigentümer Anspruch auf Schadenersatz gegen die dafür verantwortlichen Personen.
Der rechtmäßige Besitzer einer beweglichen körperlichen Sache, der von einem Nichteigentümer erworben hat, ist im Zeitpunkt der Übergabe Eigentümer geworden , wenn er bis dahin redlich war und beweist, dass er die Sache 1. in einer öffentlichen Versteigerung, 2. von einem Unternehmer im gewöhnlichen Betrieb seines Unternehmens oder 3. von jemandem, dem sie der vorige Eigentümer anvertraut hatte, entgeltlich erworben hat.
Das Eigentumsrecht darf nur in den Grenzen des Gesetzes und unter Beachtung der Rechte anderer ausgeübt werden.
Der Eigentümer kann seine Sache von jedem Inhaber herausverlangen, der ihm gegenüber zur Innehabung nicht berechtigt ist.
Gegen Dritte wirkt ein solches Verbot als Ausschluss von Veräußerung und Belastung nur dann, wenn es sich auf ein Grundstück bezieht, zwischen a) Ehegatten, b) eingetragenen Partnern oder c) Eltern und Kindern, Wahl- oder Pflegekindern oder deren Ehegatten oder eingetragenen Partnern begründet und im Grundbuch eingetragen wurde.
Ein rechtsgeschäftliches Veräußerungs- und Belastungsverbot hinsichtlich des Eigentums oder eines anderen dinglichen Rechts belastet den Verbotsverpflichteten, nicht aber seine Rechtsnachfolger.
Ein Grundstück darf nicht in der Weise verändert werden, dass der Boden oder ein Gebäude des Nachbarn die erforderliche Stütze verliert, außer es wird zugleich für eine gleichwertige Befestigung gesorgt.
Wird die Ehe aufgelöst, so kann jeder Ehegatte den zuletzt geführten Familiennamen beibehalten oder einen früher rechtmäßig geführten Familiennamen wieder annehmen.
Verursacht eine behördlich genehmigte Anlage eine die Grenzen des § 364 Abs. 2 überschreitende Beeinträchtigung, hat der Grundstückseigentümer nur Anspruch auf Ausgleich des erlittenen Schadens.
Allerdings haben bundes- und landesgesetzliche Regelungen über den Schutz von oder vor Pflanzen Vorrang.
Unter den gleichen Voraussetzungen und im gleichen Umfang kann der Grundstückseigentümer einem Nachbarn den Entzug von Licht oder Luft durch dessen Pflanzen untersagen.
Die Bestimmung oder Wiederannahme eines Familiennamens nach den §§ 93 und 93a ist unbefristet , jedoch nur einmal möglich.
Wenn der Beklagte die Innehabung einer Sache vor Gericht wider besseren Wissens abstreitet, muss er die Sache dem Kläger allein aus diesem Grund herausgeben. Anschließend hat der Beklagte das Recht, eine Eigentumsklage (§§ 366, 372) zu erheben.
Das Vermögen einer Person besteht aus körperlichen und unkörperlichen Sachen (§ 292). Die körperlichen Sachen werden als ihr Eigentum bezeichnet.
Vertragliche Ansprüche eines Ehegatten gegen den anderen aus einer Mitwirkung im Erwerb gehen Ansprüchen nach § 98 vor.
Die streitverfangene Sache kann bis zur Entscheidung des Besitzstreits gerichtlich hinterlegt oder verwahrt werden.
Darin erklären zwei Personen ihren Willen , in Gemeinschaft zu leben, ihre Kinder zu erziehen und einander Beistand zu leisten.
Ein vorläufiges Eheversprechen (Verlöbnis) ist unverbindlich. Es verpflichtet weder zur Schließung der Ehe noch zur Leistung des für den Rücktrittsfall Vereinbarten.
Weitere Behelfe regelt § 458 der Zivilprozessordnung.
Die Aneignung herrenloser Grundstücke ist jedermann möglich. Herrenlos wird ein Grundstück durch die grundbücherliche Einverleibung der Herrenlosigkeit.
Die Aufgabe des Eigentums an einer Sache ist jedoch nicht zu vermuten.
Die Aneignung beweglicher Sachen, an denen der Eigentumswille und der Besitz aufgegeben wurden, ist jedermann möglich.
Der Anspruch nach § 98 bleibt jedoch aufrecht, soweit er die vertraglichen Ansprüche übersteigt.
Herrenlose Sachen kann sich jedermann im Rahmen der gesetzlichen Grenzen aneignen. Gesetze können die Aneignung bestimmter Sachen ausschließen oder auf bevorrechtete Personen beschränken.
Dabei sind auch die Lebensverhältnisse der Ehegatten, besonders die gewährten Unterhaltsleistungen, zu berücksichtigen.
Ob und inwieweit der Beklagte dem siegreichen Kläger erlittene Schäden oder entgangenen Nutzen zu ersetzen hat, wird in den §§ 329 – 338 geregelt.
Der Besitz an einer körperlichen Sache geht verloren, wenn 
1. der Besitz an ihr freiwillig aufgegeben wird, 2. sie in fremden Besitz gelangt oder 3. sie ohne Aussicht auf Wiedererlangung in Verlust gerät.
Ist ein Ehegatte über die Wohnung, die der Befriedigung des dringenden Wohnbedürfnisses des anderen Ehegatten dient, verfügungsberechtigt, so ist er verpflichtet, dem auf die Wohnung angewiesenen Ehegatten diese Wohnmöglichkeit zu erhalten .
Konnte der Geschäftspartner aus den Umständen nicht erkennen, dass der handelnde Ehegatte als Vertreter auftrat, haften beide Ehegatten für die Verpflichtungen aus dem Geschäft zur ungeteilten Hand .
Der Ehegatte, der den gemeinsamen Haushalt führt und keine oder bloß geringfügige Einkünfte hat, vertritt den anderen auch ohne Offenlegung des Vertretungsverhältnisses bei den Rechtsgeschäften des täglichen Lebens, die er für den gemeinsamen Haushalt schließt und die ein den Lebensverhältnissen der Ehegatten entsprechendes Maß nicht übersteigen.
Rechtsbesitz (§ 312) erlischt insbesondere , wenn der Verpflichtete 1. bisher erbrachte wiederkehrende Leistungen für die Zukunft verweigert, 2. die Ausübung des Rechts nicht mehr duldet, oder 3. ein Verbot nicht mehr beachtet, und der Besitzer dagegen keine Klage nach § 454 ZPO erhebt.
Eigentum an einer herrenlosen Sache erwirbt, wer sie mit einem entsprechenden Erwerbswillen in Besitz nimmt (Aneignung).
Durch bloßen Nichtgebrauch einer Sache oder eines Rechts geht der Besitz nicht verloren; vielmehr entscheiden darüber die Verjährungsvorschriften.
Bei dauerhaften Veränderungen des Gewässerlaufs haben vor allem die dadurch geschädigten Grundeigentümer ohne weitere Voraussetzungen Anspruch auf Ersatz. Sie sind mit Grundstücken aus dem verlassenen Wasserbett oder in Geld bis zum Wert dieses Bettes zu entschädigen; dabei steht die Wahl dem Eigentümer des früheren Wasserbettes zu.
Besteht jedoch eine auf die Schatzsuche gerichtete Vereinbarung, ist der Dienstgeber als Entdecker anzusehen und dem Dienstnehmer gebührt nur das vereinbarte Entgelt.
Beim einseitigen Besitzerwerb muss an jeder Sache einzeln Besitz ergriffen werden. Beim zweiseitigen Besitzerwerb hängt der Umfang der Besitzübertragung hingegen davon ab, was der vorige Inhaber übergeben hat; eine gesonderte Übernahme aller Bestandteile und Zubehörstücke (§ 294) ist jedoch nicht erforderlich.
Die allgemein verbindliche Auslegung eines Gesetzes steht allein dem Gesetzgeber zu.
Eine Gesetzesregel ist so zu verstehen, wie es ihrer Wortbedeutung im jeweiligen Zusammenhang und der Absicht des Gesetzgebers entspricht.
Die in diesem Gesetzbuch geregelten dinglichen Rechte sind das Eigentum, das Pfandrecht, das Recht der Dienstbarkeit und das Recht der Reallast .
Sofern Gesetze nicht von vornherein befristet erlassen wurden , bleiben sie so lange gültig, bis sie vom Gesetzgeber abgeändert oder aufgehoben werden.
Faktische Gewohnheiten (Usancen) dürfen nur dann berücksichtigt werden, wenn sich ein Gesetz auf sie beruft.
Der redliche Bauführer, der auf fremdem Grund baut , wird dann Eigentümer des Grundes, wenn der Grundeigentümer von der Bauführung wusste und sie nicht unverzüglich untersagt hat. Vom Bauführer wird nur jener Grund erworben, der für die Benützung des Gebäudes erforderlich ist. Dieser ist nach seinem ordentlichen Wert zu vergüten.
Wird mit Materialien, die nicht dem Grundeigentümer gehören, auf dessen Grund ein Gebäude errichtet, so fällt das Gebäude in der Regel (§ 418) in das Eigentum des Grundeigentümers (§ 297). Der Grundeigentümer, der ein Gebäude mit fremdem Material errichtet hat, muss den Materialeigentümer entschädigen. Als redlicher Bauführer schuldet er den gemeinen Wert des Materials (§§ 1041 und 306), als unredlicher volle Genugtuung (§§ 1323 und 1324).
Wird insbesondere im Zuge einer Ausbesserung eine Sache mit einer anderen zusammengeführt, die um ein Vielfaches wertvoller ist , erhält der Eigentümer der wertvolleren Sache entgegen § 415 Abs. 2 Alleineigentum. Der Alleineigentümer hat dem früheren Eigentümer des Reparaturmaterials Wertersatz zu leisten, dessen Höhe von seiner Redlichkeit (§§ 1041 und 306) oder Unredlichkeit (§§ 1323, 1324) abhängt.
Bei der Berechnung der Ersatzleistung ist zu berücksichtigen, ob der für die Zusammenführung Verantwortliche in redlicher oder unredlicher Absicht gehandelt hat (§§ 1041 und 306 oder §§ 1323 und 1324).
Ist eine solche Absonderung nicht oder nur mit unverhältnismäßig hohem Aufwand möglich , entsteht Miteigentum nach Wertanteilen. Der an der Zusammenführung Schuldlose hat die Wahl, die Sache gegen Wertersatz zu behalten oder dem anderen gegen Auszahlung von dessen Anteil zu überlassen.
Können die Sachen der verschiedenen Eigentümer wieder voneinander abgesondert werden, sind sie ihren jeweiligen Eigentümern zurückzugeben.
Aus der bloßen Innehabung einer Sache kann kein Titel zum Sachbesitz abgeleitet werden.
Der Inhaber kann im Einvernehmen mit dem Sachbesitzer einen Besitztitel erlangen. Rechtmäßiger Besitzerwerb ist auch dadurch möglich, dass der bisherige Besitzer den Besitz einem anderen überlässt und die Sache nunmehr für den Erwerber innehat.
Verbrauchbar sind jene Sachen, die bei ihrer üblichen Nutzung zugrunde gehen; alle anderen sind unverbrauchbar.
Wer fremde Sachen verarbeitet oder mit eigenen zusammenführt, erlangt in der Regel (§ 416) kein Alleineigentum an der entstandenen Sache oder am entstandenen Gemenge.
Wie jedes dingliche Recht kann auch das Eigentum nur durch eine gesetzlich vorgesehene Übergabeart abgeleitet (§ 314) erworben werden, sofern nichts anderes angeordnet wird.
Alle Menschen haben angeborene Rechte und sind daher als gleichwertige Personen zu behandeln.
Rechtmäßiger Besitzer einer beweglichen Sache, die nacheinander mehreren Personen übergeben wurde, ist derjenige, der die Sache aufgrund eines Erwerbstitels in seiner tatsächlichen Gewalt hat.
Die Rechtmäßigkeit des Besitzes wird vermutet. Wer behauptet, eine bessere Berechtigung zu haben (§ 373), muss dafür den Beweis führen.
Eine solche durch ein Gesetz erfolgte Auslegung ist für alle noch zu entscheidenden Rechtsfälle bindend, sofern nicht der Gesetzgeber eine Rückwirkung ausgeschlossen hat.
Inhaber ist, wer eine Sache in seiner tatsächlichen Gewalt hat.
Persönlichkeits-rechte sind unübertragbar .
Besitzer ist, wer eine Sache mit dem Willen innehat, sie als oder wie seine eigene zu behandeln .
Bleibt der Rechtsfall dann immer noch zweifelhaft, ist er nach den natürlichen Rechtsgrundsätzen zu entscheiden.
Kann ein Rechtsfall weder aufgrund der Wortbedeutung noch aufgrund des Sinns eines Gesetzes entschieden werden, müssen ähnliche Fälle und die Gründe verwandter Gesetze herangezogen werden.
Vom Nachbargrund kommender pflanzlicher Über-wuchs über und unter der Erde darf benützt oder fachgerecht und unter möglichster Schonung der Pflanze entfernt werden.
Sie stehen im gleichteiligen Miteigentum, wenn der Stamm oder der Haupttrieb aus mehreren Grundstücken wächst.
Bäume und Sträucher gehören dem Eigentümer jenes Grundstücks, aus dem ihr Stamm oder Haupttrieb wächst.
Fremde Samen gehen sofort mit dem Aussäen in das Eigentum des Grundeigentümers über.
Wurde ein Grundstück mit fremden Pflanzen besetzt und haben sich diese schon fest im Boden verwurzelt , ist das in § 417 für die Bauführung Geregelte sinngemäß anzuwenden, nicht hingegen § 418.
Besitz kann auf folgende Arten erworben werden: 1. einseitig , indem besitzerlose Sachen erworben werden oder an Sachen, die im Besitz eines anderen stehen, eigenmächtig Besitz ergriffen wird; 2. zweiseitig, wenn der Besitz vom Vorbesitzer übertragen wird.
Der Besitz ist rechtmäßig, wenn ihm ein gültiger Titel zugrunde liegt.
Sachbesitz wird durch jede Handlung erworben, durch die ausschließliche tatsächliche Gewalt über die Sache begründet und jeder andere vom Besitz erkennbar ausgeschlossen wird.
Bundes- und landesgesetzliche Regelungen über den Schutz von Pflanzen sind jedoch vorrangig zu beachten.
Wer Pflanzenteile entfernt, hat die Kosten dafür selbst zu tragen.
Rechtmäßiger Besitz kann erworben werden: 1. an herrenlosen Sachen durch Aneignung (§ 381), 2. an allen übrigen Sachen aufgrund eines Rechtsgeschäftes mit dem Vorbesitzer, einer gerichtlichen Entscheidung oder einer gesetzlichen Vorschrift.
Droht ihm jedoch durch den Überwuchs ein Schaden oder ist ein solcher bereits eingetreten, so hat ihm der Pflanzeneigentümer die Hälfte der notwendigen Entfernungskosten zu ersetzen.
Sachen, die schon einen Eigentümer haben, werden abgeleitet (§ 314) erworben, indem sie von dem Eigentümer auf einen anderen übergehen.
Ansonsten können Menschen, die für den betreffenden Erwerb nicht entscheidungsfähig sind, Besitz nur durch ihre gesetzlichen Vertreter erwerben.
Zum selbständigen Besitzerwerb ist Entscheidungsfähigkeit (§ 24) notwendig.Nur in den Fällen des § 170 Abs. 3, des § 242 Abs. 3 und des § 865 Abs. 2 ist ein Erwerb jedenfalls möglich.
Rechte gehören zu den beweglichen Sachen, sofern sie nicht mit dem Besitz einer unbeweglichen Sache verbunden sind oder, wie das Baurecht (§ 6 Baurechtsgesetz) und die Bergwerksberechtigung (§ 40 Mineralrohstoffgesetz), durch ein Gesetz für unbeweglich erklärt werden.
Als Titel kommen 1. Rechtsgeschäfte, 2. Verfügungen auf den Todesfall, 3. gerichtliche Entscheidungen und 4. gesetzliche Anordnungen in Betracht.
Unter bestimmten Umständen können Sachen auch durch bloße Einigung übergeben werden. Es kann vereinbart werden, dass 1. der Übergeber die Sache nunmehr für den Übernehmer innehat oder 2. der Übernehmer nunmehr Eigentümer der Sache wird, die er schon bisher innegehabt hat.
Das Eigentum an nicht im Grundbuch eingetragenen Liegenschaften wird durch Urkundenhinterlegung bei Gericht übertragen. Die Urkunde muss die Erfordernisse der §§ 432 und 433 erfüllen.
Andere Sachen werden als unschätzbar bezeichnet; sie sind als Pfand ungeeignet und bei Vermögensfeststellungen nicht zu berücksichtigen.
Wird hingegen ein größerer Teil eines fremden Grundstücks auf einmal angespült, so verliert der Eigentümer dieses Teils sein Recht daran erst dann, wenn er es nicht innerhalb eines Jahres geltend macht.
Gesetze wirken mangels gegenteiliger Anordnung nicht zurück; sie haben dann auf vor ihrer Veröffentlichung vorgenommene Handlungen und auf davor erworbene Rechte keinen Einfluss.
Zu diesem Zweck muss über das Erwerbsgeschäft eine beglaubigte Urkunde in der zur Gültigkeit des Geschäfts vorgeschriebenen Form (§ 433 sowie §§ 26 und 27 Grundbuchsgesetz) oder eine öffentliche Urkunde errichtet und dem Grundbuchsgericht vorgelegt werden.
Zum gewöhnlichen (gemeinen) Wert gelangt man durch eine Schätzung nach dem Nutzen, den die Sache unter Berücksichtigung von Zeit und Ort üblicherweise stiftet. Bei der Feststellung des außerordentlichen Werts werden überdies die besonderen Verhältnisse des an der Sache Berechtigten sowie seine besondere Vorliebe berücksichtigt, die sich aus den Eigenschaften der Sache ergibt.
Wird das Ufergrundstück eines privaten fließenden Gewässers durch angespültes Erdreich allmählich vergrößert, so vermehrt sich zugleich das Eigentum des Grundstückseigentümers.
Wird eine Maschine mit einem Grundstück als sein Zubehör (§ 294) in Verbindung gebracht und wird mit Zustimmung des Grundstückseigentümers im Grundbuch angemerkt, dass sie im Eigentum einer anderen Person steht, so dürfen Dritte nicht darauf vertrauen, dass die Maschine dem Grundstückseigentümer gehört.
Wird sie als Ersatz an Stelle einer nicht angemerkten Maschine angebracht, so ist für die Anmerkung auch die Zustimmung der früher eingetragenen grundbücherlich Berechtigten erforderlich.
Als Gesamtsache wird eine Mehrzahl von Sachen bezeichnet, die üblicherweise als Einheit angesehen und mit einem zusammenfassenden Namen bezeichnet werden, wie etwa eine Herde oder ein Warenlager.
Einen Eingriff in den Kernbereich eines Persönlichkeitsrechts kann nur der entscheidungsfähige Rechtsträger selbst gestatten, soweit gesetzlich nichts anderes bestimmt ist.
Hat sich ein Eigentümer einer beweglichen Sache gegenüber zwei Personen zur Verschaffung des Eigentums an dieser Sache verpflichtet, erwirbt jene das Eigentum, der sie zuerst übergeben wird. Der andere Gläubiger hat gegen den Veräußerer Ansprüche wegen Vertragsverletzung (§ 918 oder § 920).
Redlich besitzt, wer sich ohne Verschulden (§ 1294) als zum Besitz berechtigt betrachtet.
Ist eine körperliche Übergabe der Sache vor allem wegen ihrer Beschaffenheit oder Lage schwierig und unzweckmäßig kann sie durch Zeichen übergeben werden. Dabei ist das Zeichen je nach der Art seiner Funktion entweder dem Übernehmer zu übergeben oder an der Sache anzubringen. Die Übergabe durch Zeichen ist insbesondere bei verbrieften Forderungen, sehr schweren Sachen sowie bei Frachtgütern und Warenlagern zulässig. Zeichen, die dem Übergeber ausgehändigt werden, sind insbesondere: a) Urkunden, die das Eigentum belegen, und b) Werkzeuge wie Schlüssel, durch die nunmehr allein der Übernehmer den Besitz der Sache ergreifen kann. Zur Anbringung an der Sache sind solche Merkmale geeignet, die für daran Interessierte die neuen Eigentumsverhältnisse deutlich machen.
Bewegliche Sachen können durch körperliche Übergabe von Hand zu Hand an einen anderen übertragen werden.
Die Übertragung des Eigentums an unbeweglichen Sachen erfolgt durch Eintragung des Eigentums zugunsten einer bestimmten Person in das Grundbuch (Einverleibung, Intabulation).
Schätzbare Sachen sind solche, deren Wert durch Vergleich mit anderen verkehrsfähigen Sachen bestimmt werden kann; dazu gehören auch Dienst- und Werkleistungen.
